// Jest Snapshot v1, https://goo.gl/fbAQLP

exports[`Container Rendering Container without crashing 1`] = `
<div
  className="sc-AxjAm cbwcBb"
>
  Text 2
</div>
`;
