// Jest Snapshot v1, https://goo.gl/fbAQLP

exports[`Search Template Rendering Search template without crashing 1`] = `
<div
  className="sc-AxjAm hTSXUB"
>
  <div
    className="sc-AxjAm sc-AxirZ fssdFE"
  >
    <div
      className="sc-AxjAm sc-AxiKw jRLkDN"
    >
      <img
        alt="Symphony search"
        src="Symphony-logo.jpg"
        title="Symphony search"
      />
    </div>
  </div>
  <div
    className="sc-AxjAm sc-AxirZ fssdFE"
  >
    <div
      className="sc-AxjAm sc-AxiKw jRLkDN"
    >
      <input
        className="sc-AxheI gUIYOU"
        disabled={false}
        loading={false}
        onBlur={[Function]}
        onChange={[Function]}
        onFocus={[Function]}
        onKeyUp={[Function]}
        placeholder="find a package"
        type="text"
        value="react"
      />
    </div>
  </div>
</div>
`;
